[biolife.kute-themes.net/home-08/index.html]
[backblue.gif]
[fade.gif]
[index.html]
[biolife-elementor.b-cdn.net/wp-content/cache/minify/1/e39b8.css]
[biolife-elementor.b-cdn.net/wp-content/cache/minify/1/294b6.css]
[biolife-elementor.b-cdn.net/wp-content/cache/minify/1/beb53.css]
[biolife-elementor.b-cdn.net/wp-content/cache/minify/1/1bf85.css]
[biolife-elementor.b-cdn.net/wp-content/cache/minify/1/b18e1.css]
[biolife-elementor.b-cdn.net/wp-content/cache/minify/1/73871.css]
[biolife-elementor.b-cdn.net/wp-content/cache/minify/1/dbf83.css]
[biolife-elementor.b-cdn.net/wp-content/cache/minify/1/4166e.css]
[biolife-elementor.b-cdn.net/wp-content/cache/minify/1/818c0.js]
[biolife-elementor.b-cdn.net/wp-content/uploads/2020/10/cropped-logo-green-32x32.png]
[biolife-elementor.b-cdn.net/wp-content/uploads/2020/10/cropped-logo-green-192x192.png]
[biolife-elementor.b-cdn.net/wp-content/uploads/2020/10/cropped-logo-green-180x180.png]
[biolife-elementor.b-cdn.net/wp-content/uploads/2020/10/logo-white.png]
[biolife-elementor.b-cdn.net/wp-content/uploads/2020/11/m8-12.jpg]
[biolife-elementor.b-cdn.net/wp-content/uploads/2020/11/m8-13.jpg]
[biolife-elementor.b-cdn.net/wp-content/uploads/2020/11/m8-14.jpg]
[biolife-elementor.b-cdn.net/wp-content/uploads/2020/10/m6-9.jpg]
[biolife-elementor.b-cdn.net/wp-content/uploads/2020/10/m6-10.jpg]
[biolife.kute-themes.net/home-08/indexb522.html]
[biolife.kute-themes.net/home-08/index850b.html]
[biolife.kute-themes.net/home-08/index6b8f.html]
[biolife-elementor.b-cdn.net/wp-content/uploads/2020/11/m8-8.jpg]
[biolife.kute-themes.net/home-08/index6777.html]
[biolife.kute-themes.net/home-08/index8be6.html]
[biolife.kute-themes.net/home-08/index2817.html]
[biolife-elementor.b-cdn.net/wp-content/uploads/2020/11/m8-9.jpg]
[biolife.kute-themes.net/home-08/index972f.html]
[biolife.kute-themes.net/home-08/index8708.html]
[biolife.kute-themes.net/home-08/index4504.html]
[biolife-elementor.b-cdn.net/wp-content/uploads/2020/11/m8-10.jpg]
[biolife.kute-themes.net/home-08/index39a4.html]
[biolife-elementor.b-cdn.net/wp-content/uploads/2020/11/m8-11.jpg]
[biolife.kute-themes.net/home-08/indexa207.html]
[biolife.kute-themes.net/home-08/index499f.html]
[biolife.kute-themes.net/home-08/indexd4f4.html]
[biolife-elementor.b-cdn.net/wp-content/uploads/2020/10/m2-7.png]
[biolife.kute-themes.net/home-08/index0872.html]
[biolife-elementor.b-cdn.net/wp-content/uploads/2020/10/m2-8.png]
[biolife.kute-themes.net/home-08/index6946.html]
[biolife.kute-themes.net/home-08/index42bc.html]
[biolife.kute-themes.net/home-08/index2684.html]
[biolife-elementor.b-cdn.net/wp-content/uploads/2020/10/m2-9.png]
[biolife-elementor.b-cdn.net/wp-content/uploads/2020/10/m2-10.png]
[biolife.kute-themes.net/home-08/index62bc.html]
[biolife.kute-themes.net/home-08/index4bb2.html]
[biolife-elementor.b-cdn.net/wp-content/uploads/2020/12/Home-10.jpg]
[biolife-elementor.b-cdn.net/wp-content/cache/minify/1/35dd5.css]
[biolife-elementor.b-cdn.net/wp-content/cache/minify/1/4785a.js]
[biolife-elementor.b-cdn.net/wp-content/cache/minify/1/a496a.js]
[biolife-elementor.b-cdn.net/wp-content/cache/minify/1/64ef5.js]
[biolife-elementor.b-cdn.net/wp-content/cache/minify/1/dc06c.js]
[biolife-elementor.b-cdn.net/wp-content/cache/minify/1/63a69.js]
[biolife-elementor.b-cdn.net/wp-content/cache/minify/1/b89b7.js]
[biolife-elementor.b-cdn.net/wp-content/cache/minify/1/b4041.js]
[biolife-elementor.b-cdn.net/wp-content/cache/minify/1/19969.js]
[biolife-elementor.b-cdn.net/wp-content/cache/minify/1/27b55.js]
[biolife-elementor.b-cdn.net/wp-content/cache/minify/1/db857.js]
[biolife-elementor.b-cdn.net/wp-content/cache/minify/1/6519f.js]
[biolife-elementor.b-cdn.net/wp-content/cache/minify/1/eb8c9.js]
[biolife-elementor.b-cdn.net/wp-content/cache/minify/1/74eb7.js]
[biolife-elementor.b-cdn.net/wp-content/cache/minify/1/27622.js]
[biolife.kute-themes.net/home-08/index.html]
[biolife-elementor.b-cdn.net/wp-content/cache/minify/1/e39b8.css]
[biolife-elementor.b-cdn.net/wp-content/cache/minify/1/85527.js]
[biolife-elementor.b-cdn.net/wp-content/cache/minify/1/bcf3d.js]
[biolife-elementor.b-cdn.net/wp-content/plugins/yith-woocommerce-compare/assets/images/colorbox/controls.png]
[biolife-elementor.b-cdn.net/wp-content/cache/minify/1/294b6.css]
[biolife.kute-themes.net/wp-content/uploads/2020/11/m8-3.png]
[biolife-elementor.b-cdn.net/wp-content/cache/minify/1/beb53.css]
[biolife-elementor.b-cdn.net/wp-content/cache/minify/1/1bf85.css]
[biolife-elementor.b-cdn.net/wp-content/cache/minify/1/b18e1.css]
[biolife-elementor.b-cdn.net/wp-content/themes/biolife/assets/vendor/chosen/chosen-sprite.png]
[biolife-elementor.b-cdn.net/wp-content/cache/minify/1/73871.css]
[biolife-elementor.b-cdn.net/wp-content/cache/minify/1/dbf83.css]
[biolife-elementor.b-cdn.net/wp-content/cache/minify/1/4166e.css]
[biolife-elementor.b-cdn.net/wp-content/cache/minify/1/818c0.js]
[biolife.kute-themes.net/home-08/index6b8f.html]
[biolife.kute-themes.net/home-08/indexb522.html]
[biolife.kute-themes.net/home-08/index850b.html]
[biolife.kute-themes.net/home-08/index6777.html]
[biolife.kute-themes.net/home-08/index8be6.html]
[biolife.kute-themes.net/home-08/index2817.html]
[biolife.kute-themes.net/home-08/index972f.html]
[biolife.kute-themes.net/home-08/index8708.html]
[biolife.kute-themes.net/home-08/index4504.html]
[biolife.kute-themes.net/home-08/index39a4.html]
[biolife.kute-themes.net/home-08/index499f.html]
[biolife.kute-themes.net/home-08/indexa207.html]
[biolife.kute-themes.net/home-08/indexd4f4.html]
[biolife.kute-themes.net/home-08/index0872.html]
[biolife.kute-themes.net/home-08/index42bc.html]
[biolife.kute-themes.net/home-08/index6946.html]
[biolife.kute-themes.net/home-08/index2684.html]
[biolife.kute-themes.net/home-08/index62bc.html]
[biolife.kute-themes.net/home-08/index4bb2.html]
[pinterest.com/pin/create/button/indexb2d4.html]
[pinterest.com/pin/create/button/index3698.html]
[pinterest.com/pin/create/button/indexa3ee.html]
[pinterest.com/pin/create/button/index45e0.html]
[www.pinterest.com/pin/create/button/index2f46.html]
[pinterest.com/pin/create/button/indexbc90.html]
[www.pinterest.com/pin/create/button/index5e0f.html]
[pinterest.com/pin/create/button/index2736.html]
[www.pinterest.com/pin/create/button/index2656.html]
[www.pinterest.com/pin/create/button/indexd2c7.html]
[www.pinterest.com/pin/create/button/index3000.html]
[www.pinterest.com/pin/create/button/index38f0.html]
[biolife-elementor.b-cdn.net/wp-content/plugins/woocommerce/assets/css/photoswipe/default-skin/default-skin.png]
[biolife-elementor.b-cdn.net/wp-content/cache/minify/1/35dd5.css]
[biolife-elementor.b-cdn.net/wp-content/cache/minify/1/4785a.js]
[biolife-elementor.b-cdn.net/wp-content/cache/minify/1/a496a.js]
[biolife-elementor.b-cdn.net/wp-content/cache/minify/1/64ef5.js]
[biolife.kute-themes.net/home-08/images/transparent.30.delayed]
[biolife.kute-themes.net/home-08/assets/transparent.31.delayed]
[biolife-elementor.b-cdn.net/wp-content/cache/minify/1/b89b7.js]
[biolife-elementor.b-cdn.net/wp-content/cache/minify/1/dc06c.js]
[biolife-elementor.b-cdn.net/wp-content/cache/minify/1/63a69.js]
[biolife-elementor.b-cdn.net/wp-content/cache/minify/1/b4041.js]
[player.vimeo.com/api/player.js]
[biolife-elementor.b-cdn.net/wp-content/cache/minify/1/19969.js]
[biolife-elementor.b-cdn.net/wp-content/cache/minify/1/27b55.js]
[biolife-elementor.b-cdn.net/wp-content/cache/minify/1/db857.js]
[biolife.kute-themes.net/home-08/Popover requires tooltip.33.delayed]
[biolife-elementor.b-cdn.net/wp-content/cache/minify/1/eb8c9.js]
[biolife-elementor.b-cdn.net/wp-content/cache/minify/1/6519f.js]
[biolife-elementor.b-cdn.net/wp-content/cache/minify/1/74eb7.js]
[biolife-elementor.b-cdn.net/wp-content/cache/minify/1/27622.js]
[biolife-elementor.b-cdn.net/wp-content/cache/minify/1/85527.js]
[biolife.kute-themes.net/home-08/youtu.be/index.html]
[biolife.kute-themes.net/home-08/Edge/index.html]
[biolife.kute-themes.net/home-08/Gecko/index.html]
[biolife.kute-themes.net/home-08/Firefox/index.html]
[biolife.kute-themes.net/home-08/Version/index.html]
[biolife.kute-themes.net/home-08/version/index-2.html]
[biolife.kute-themes.net/home-08/-negative.34.delayed]
[biolife-elementor.b-cdn.net/wp-content/cache/minify/1/bcf3d.js]
[s.pinimg.com/webapp/www/pin/create/[method]-unauthdesktop-881d8a8518a1d0cd287f.css]
[s.pinimg.com/webapp/www/_client-unauthdesktop-55b7f618adad3d06c500.css]
[s.pinimg.com/webapp/runtime-518691c5b3a95edae319.js]
[s.pinimg.com/webapp/polyfills-caefebb2c1511e5e20c9.js]
[s.pinimg.com/webapp/26-3c058e339208a75ec9ff.js]
[s.pinimg.com/webapp/25-b4aed1a08733fffb224c.js]
[s.pinimg.com/webapp/514-a9af45b4bb6b376e6e8d.js]
[s.pinimg.com/webapp/locale-en_US-lite-75de628686535848cd94.js]
[s.pinimg.com/webapp/vendor-react-8af50a8aeac073ef3b9d.js]
[s.pinimg.com/webapp/0-dc54a1cc325e0833d7ff.js]
[s.pinimg.com/webapp/4-91779a4b2c92cae00135.js]
[s.pinimg.com/webapp/60-9da67575cd55f6288a0f.js]
[s.pinimg.com/webapp/41-b29ebdc98757fc8524c9.js]
[s.pinimg.com/webapp/43-4301efaf67f0c79968fb.js]
[s.pinimg.com/webapp/48-10703aa3c24f3ffceaaa.js]
[s.pinimg.com/webapp/49-760066ee20dd0aaa030a.js]
[s.pinimg.com/webapp/50-7303badd84fe10a8020d.js]
[s.pinimg.com/webapp/55-102018763111fdd76128.js]
[s.pinimg.com/webapp/63-62d22bb2133b9f429603.js]
[s.pinimg.com/webapp/66-3389b36d36ec89b2c9da.js]
[s.pinimg.com/webapp/64-b50df89d297546c2979b.js]
[s.pinimg.com/webapp/68-83d634f387c1f25ba775.js]
[s.pinimg.com/webapp/72-b9611d4124e7ddc09213.js]
[s.pinimg.com/webapp/95-e10ac1656116a3e211e9.js]
[s.pinimg.com/webapp/www/_client-unauthdesktop-8a079ad040984f92039d.js]
[s.pinimg.com/webapp/logo_trans_144x144-5e37c0c6.png]
[s.pinimg.com/webapp/www/pin/create/[method]-unauthdesktop-5c6d841ec3209a035f86.js]
[s.pinimg.com/webapp/favicon-54a5b2af.png]
[www.pinterest.com/pin/create/button/ios-app_/429047995/pinterest/add_pin/_method=button&image_url=undefined&source_url=h/biolife.kute-themes.net/blog/how-to-keep-vegetables-fresh-for-longer/_/img_blog_0001_7.51.dela]
[s.pinimg.com/webapp/67-a98e99ad78b04a64facd.js]
[www.pinterest.com/pin/create/button/android-app_/com.pinterest/pinterest/www.pinterest.com/pin/create/button/_media=undefined&url=https_/biolife.kute-themes.net/blog/how-to-keep-vegetables-fr/img_blog_0001_7.52.dela]
[s.pinimg.com/webapp/www/[username]-unauthdesktop-bd6602f96e92db92bfb6.css]
[s.pinimg.com/webapp/104-fe403329b959b0432e53.js]
[s.pinimg.com/webapp/100-0c5bf0971a03cacc8cff.js]
[s.pinimg.com/webapp/2-aa68e1d2ea7e5eb66d65.js]
[s.pinimg.com/webapp/71-0c892c20e594ddb02f21.js]
[s.pinimg.com/webapp/293-c5bc52a2a578efe35d62.js]
[s.pinimg.com/webapp/3-81f71350658fa4355dfe.js]
[s.pinimg.com/webapp/144-9a0b206923ff477b2668.js]
[s.pinimg.com/webapp/139-c946d41ecc9293e41e12.js]
[s.pinimg.com/webapp/62-bd6602f96e92db92bfb6.css]
[s.pinimg.com/webapp/62-7a48349a529f1e19cc65.js]
[s.pinimg.com/webapp/65-21922116ae5ee7b0416f.js]
[s.pinimg.com/webapp/105-8d6cdccbcdd3d51780bc.js]
[s.pinimg.com/webapp/119-f42b854fbf686f092b73.js]
[s.pinimg.com/webapp/120-c6682769bc345300db0f.js]
[s.pinimg.com/webapp/74-062a1a93e25eb0c4bf0d.js]
[s.pinimg.com/webapp/10-d4ecfad2c01de03f7519.js]
[s.pinimg.com/webapp/53-4a8dcd43860fd4679835.js]
[s.pinimg.com/webapp/54-a796e9516396548c8472.js]
[s.pinimg.com/webapp/12-a63950c1721d6009fbdf.js]
[s.pinimg.com/webapp/14-725c923ce415aed708cd.js]
[s.pinimg.com/webapp/138-aaef57063a3028b5c8d2.js]
[s.pinimg.com/webapp/143-9a746d34be7e946e2c9f.js]
[s.pinimg.com/webapp/298-a1f6950fcff79896cbfc.js]
[s.pinimg.com/webapp/www/discover/style_content/[id]-unauthdesktop-bd6602f96e92db92bfb6.css]
[s.pinimg.com/webapp/154-0f545c2796a8b994730f.js]
[s.pinimg.com/webapp/1-e71da99c79ef89202e11.js]
[s.pinimg.com/webapp/13-50172f3d3857c5b303be.js]
[s.pinimg.com/webapp/www/ideas/[interest]/[id]-unauthdesktop-3134125d4d7f5f5ca66a.css]
[s.pinimg.com/webapp/126-bd6602f96e92db92bfb6.css]
[s.pinimg.com/webapp/126-123e404f64ab04d14e3c.js]
[s.pinimg.com/webapp/317-8c5798ed00123cb10ab8.js]
[s.pinimg.com/webapp/394-3c8b5afd3e2c81730c0b.js]
[s.pinimg.com/webapp/415-c0fd680d75f78588086a.js]
[s.pinimg.com/webapp/398-26df4977e43f6fd7963d.js]
[s.pinimg.com/webapp/305-2743511757b5b7ce9ce2.js]
[s.pinimg.com/webapp/405-83bfb0c99332da1dc66e.js]
[s.pinimg.com/webapp/www/pin/[id]/feedback-unauthdesktop-24b01ed52816bb36070c.css]
[s.pinimg.com/webapp/www/pin/[id]/sent-unauthdesktop-24b01ed52816bb36070c.css]
[s.pinimg.com/webapp/111-63a787e6f4b72d422105.js]
[s.pinimg.com/webapp/358-544921eca9f23c4d7a48.js]
[s.pinimg.com/webapp/118-a064eb952c3deb120be0.js]
[s.pinimg.com/webapp/140-ed3bee4929d4e7613205.js]
[s.pinimg.com/webapp/153-ad958e865904f6d26492.js]
[s.pinimg.com/webapp/www/product-catalogs-authdesktop-27d8c5eb090e6b8916f7.css]
[s.pinimg.com/webapp/413-c498e6496468daf214ae.js]
[s.pinimg.com/webapp/367-ba943610b3854179b8bb.js]
[s.pinimg.com/webapp/www/today/[term]/[title]/[articleId]-unauthdesktop-3134125d4d7f5f5ca66a.css]
[s.pinimg.com/webapp/www/today/popular/[interest]/[interestId]-unauthdesktop-3134125d4d7f5f5ca66a.css]
[s.pinimg.com/webapp/www/pin/[id]-unauthdesktop-24b01ed52816bb36070c.css]
[www.pinterest.com/pin/create/button/kohls.onelink.86.delayed]
[www.pinterest.com/pin/create/button/onelink.87.delayed]
[www.pinterest.com/pin/create/button/com.apple.tv_/index.html]
[www.pinterest.com/pin/create/button/bodyfast.onelink.88.delayed]
[www.pinterest.com/pin/create/button/wolt-app_/index.html]
[www.pinterest.com/pin/create/button/usbankflyer.onelink.me]
[www.pinterest.com/pin/create/button/m.hitched.co.uk/users-signup.php]
[www.pinterest.com/pin/create/button/ibotta.onelink.me]
[www.pinterest.com/pin/create/button/shortcut_run_/index.html]
[www.pinterest.com/pin/create/button/livi.fr/sante/index.html]
[www.pinterest.com/pin/create/button/hole_io_/index.html]
[www.pinterest.com/pin/create/button/snssdk1233.onelink.8c.delayed]
[www.pinterest.com/pin/create/button/index5e0f.html]
[www.pinterest.com/pin/create/button/index2656.html]
[www.pinterest.com/pin/create/button/petzteste0.onelink.me/JcaC/index.html]
[www.pinterest.com/pin/create/button/petzteste0.onelink.me/index.html]
[www.pinterest.com/pin/create/button/index2f46.html]
[www.pinterest.com/pin/create/button/ios-app_/429047995/pinterest/add_pin/_method=button&image_url=undefined&source_url=h/biolife.kute-themes.net/blog/7-ways-to-choose-fresh-fruits-and-vegetab/img_blog_0002_6.8d.dela]
[www.pinterest.com/pin/create/button/ios-app_/429047995/pinterest/add_pin/_method=button&image_url=undefined&source_url=h/biolife.kute-themes.net/blog/the-best-great-benefits-of-strawberries-f/img_blog_0005_3.8f.dela]
[www.pinterest.com/pin/create/button/indexd2c7.html]
[www.pinterest.com/pin/create/button/ios-app_/429047995/pinterest/add_pin/_method=button&image_url=undefined&source_url=h/biolife.kute-themes.net/blog/why-you-should-eat-berries-every-day/_dem/img_blog_0004_4.91.dela]
[www.pinterest.com/pin/create/button/android-app_/com.pinterest/pinterest/www.pinterest.com/pin/create/button/_media=undefined&url=https_/biolife.kute-themes.net/blog/7-ways-to-choose-fresh-fr/img_blog_0002_6.8e.dela]
[www.pinterest.com/pin/create/button/index3000.html]
[www.pinterest.com/pin/create/button/ios-app_/429047995/pinterest/add_pin/_method=button&image_url=undefined&source_url=h/biolife.kute-themes.net/blog/5-ways-to-choose-delicious-fresh-vegetabl/img_blog_0005_1.93.dela]
[www.pinterest.com/pin/create/button/android-app_/com.pinterest/pinterest/www.pinterest.com/pin/create/button/_media=undefined&url=https_/biolife.kute-themes.net/blog/the-best-great-benefits-o/img_blog_0005_3.90.dela]
[www.pinterest.com/pin/create/button/android-app_/com.pinterest/pinterest/www.pinterest.com/pin/create/button/_media=undefined&url=https_/biolife.kute-themes.net/blog/why-you-should-eat-berrie/img_blog_0004_4.92.dela]
[www.pinterest.com/pin/create/button/android-app_/com.pinterest/pinterest/www.pinterest.com/pin/create/button/_media=undefined&url=https_/biolife.kute-themes.net/blog/5-ways-to-choose-deliciou/img_blog_0005_1.94.dela]
[www.pinterest.com/pin/create/button/index38f0.html]
[biolife.kute-themes.net/home-08/images/transparent.html]
[biolife.kute-themes.net/home-08/assets/transparent.html]
[biolife.kute-themes.net/home-08/origin=https_/index.html]
[biolife.kute-themes.net/home-08/Popover requires tooltip.html]
[biolife.kute-themes.net/home-08/youtu.be/index.html]
[biolife.kute-themes.net/home-08/Edge/index.html]
[biolife.kute-themes.net/home-08/Gecko/index.html]
[biolife.kute-themes.net/home-08/Firefox/index.html]
[biolife.kute-themes.net/home-08/Version/index.html]
[biolife.kute-themes.net/home-08/version/index-2.html]
[biolife.kute-themes.net/home-08/-negative.html]
[s.pinimg.com/webapp/www/pin/create/[method]-unauthdesktop-881d8a8518a1d0cd287f.css]
[s.pinimg.com/webapp/www/_client-unauthdesktop-55b7f618adad3d06c500.css]
[www.pinterest.com/pin/create/button/ios-app_/429047995/pinterest/add_pin/_method=button&image_url=undefined&source_url=h/biolife.kute-themes.net/blog/how-to-keep-vegetables-fresh-for-longer/_/img_blog_0001_7.51.dela]
[www.pinterest.com/pin/create/button/android-app_/com.pinterest/pinterest/www.pinterest.com/pin/create/button/_media=undefined&url=https_/biolife.kute-themes.net/blog/how-to-keep-vegetables-fr/img_blog_0001_7.52.dela]
[www.pinterest.com/pin/create/button/ios-app_/429047995/pinterest/add_pin/_method=button&image_url=undefined&source_url=h/biolife.kute-themes.net/blog/the-benefits-of-vegetable-salad-for-your-/img_blog_0003_3.95.dela]
[www.pinterest.com/pin/create/button/android-app_/com.pinterest/pinterest/www.pinterest.com/pin/create/button/_media=undefined&url=https_/biolife.kute-themes.net/blog/the-benefits-of-vegetable/img_blog_0003_3.96.dela]
[s.pinimg.com/webapp/webapp-common-main-1x-13c5edb8.png]
[s.pinimg.com/webapp/www/[username]-unauthdesktop-bd6602f96e92db92bfb6.css]
[s.pinimg.com/webapp/62-bd6602f96e92db92bfb6.css]
[s.pinimg.com/webapp/www/discover/style_content/[id]-unauthdesktop-bd6602f96e92db92bfb6.css]
[s.pinimg.com/webapp/www/ideas/[interest]/[id]-unauthdesktop-3134125d4d7f5f5ca66a.css]
[s.pinimg.com/webapp/126-bd6602f96e92db92bfb6.css]
[s.pinimg.com/webapp/www/pin/[id]/feedback-unauthdesktop-24b01ed52816bb36070c.css]
[s.pinimg.com/webapp/www/pin/[id]/sent-unauthdesktop-24b01ed52816bb36070c.css]
[s.pinimg.com/webapp/www/product-catalogs-authdesktop-27d8c5eb090e6b8916f7.css]
[s.pinimg.com/webapp/www/today/[term]/[title]/[articleId]-unauthdesktop-3134125d4d7f5f5ca66a.css]
[s.pinimg.com/webapp/www/today/popular/[interest]/[interestId]-unauthdesktop-3134125d4d7f5f5ca66a.css]
[s.pinimg.com/webapp/www/pin/[id]-unauthdesktop-24b01ed52816bb36070c.css]
[www.pinterest.com/pin/create/button/kohls.onelink.html]
[www.pinterest.com/pin/create/button/onelink.html]
[www.pinterest.com/pin/create/button/com.apple.tv_/index.html]
[www.pinterest.com/pin/create/button/wolt-app_/index.html]
[www.pinterest.com/pin/create/button/bodyfast.onelink.html]
[www.pinterest.com/pin/create/button/usbankflyer.onelink.html]
[www.pinterest.com/pin/create/button/m.hitched.co.uk/users-signup.html]
[www.pinterest.com/pin/create/button/shortcut_run_/index.html]
[www.pinterest.com/pin/create/button/hole_io_/index.html]
[www.pinterest.com/pin/create/button/livi.fr/sante/index.html]
[www.pinterest.com/pin/create/button/ibotta.onelink.html]
[www.pinterest.com/pin/create/button/snssdk1233.onelink.html]
[www.pinterest.com/pin/create/button/petzteste0.onelink.me/JcaC/index.html]
[www.pinterest.com/pin/create/button/petzteste0.onelink.me/index.html]
[www.pinterest.com/pin/create/button/ios-app_/429047995/pinterest/add_pin/_method=button&image_url=undefined&source_url=h/biolife.kute-themes.net/blog/7-ways-to-choose-fresh-fruits-and-vegetab/img_blog_0002_6.8d.dela]
[www.pinterest.com/pin/create/button/android-app_/com.pinterest/pinterest/www.pinterest.com/pin/create/button/_media=undefined&url=https_/biolife.kute-themes.net/blog/7-ways-to-choose-fresh-fr/img_blog_0002_6.8e.dela]
[www.pinterest.com/pin/create/button/ios-app_/429047995/pinterest/add_pin/_method=button&image_url=undefined&source_url=h/biolife.kute-themes.net/blog/the-best-great-benefits-of-strawberries-f/img_blog_0005_3.8f.dela]
[www.pinterest.com/pin/create/button/android-app_/com.pinterest/pinterest/www.pinterest.com/pin/create/button/_media=undefined&url=https_/biolife.kute-themes.net/blog/the-best-great-benefits-o/img_blog_0005_3.90.dela]
[www.pinterest.com/pin/create/button/ios-app_/429047995/pinterest/add_pin/_method=button&image_url=undefined&source_url=h/biolife.kute-themes.net/blog/why-you-should-eat-berries-every-day/_dem/img_blog_0004_4.91.dela]
[www.pinterest.com/pin/create/button/android-app_/com.pinterest/pinterest/www.pinterest.com/pin/create/button/_media=undefined&url=https_/biolife.kute-themes.net/blog/why-you-should-eat-berrie/img_blog_0004_4.92.dela]
[www.pinterest.com/pin/create/button/ios-app_/429047995/pinterest/add_pin/_method=button&image_url=undefined&source_url=h/biolife.kute-themes.net/blog/5-ways-to-choose-delicious-fresh-vegetabl/img_blog_0005_1.93.dela]
[www.pinterest.com/pin/create/button/android-app_/com.pinterest/pinterest/www.pinterest.com/pin/create/button/_media=undefined&url=https_/biolife.kute-themes.net/blog/5-ways-to-choose-deliciou/img_blog_0005_1.94.dela]
[www.pinterest.com/pin/create/button/ios-app_/429047995/pinterest/add_pin/_method=button&image_url=undefined&source_url=h/biolife.kute-themes.net/blog/the-benefits-of-vegetable-salad-for-your-/img_blog_0003_3.95.dela]
[www.pinterest.com/pin/create/button/android-app_/com.pinterest/pinterest/www.pinterest.com/pin/create/button/_media=undefined&url=https_/biolife.kute-themes.net/blog/the-benefits-of-vegetable/img_blog_0003_3.96.dela]
